11:27:17 brand=copper-cow-coffee base=https://coppercowcoffee.com -> /home/user/bimi-logo/email-studio/brands/copper-cow-coffee/study
11:27:17 products: 43
11:27:49 fonts: roles={'h1': None, 'h2': 'NaNJaune', 'h3': 'NaNJaune', 'body': 'Rebond-Grotesque', 'button': 'Rebond-Grotesque', 'nav': 'Rebond-Grotesque'} faces=34 files=33
11:27:50 logos: 6, favicon: https://coppercowcoffee.com/cdn/shop/files/CCC-FaviconLogo_1_32x32.png?v=1672948025
11:27:51 homepage captured
11:28:03 page about: https://coppercowcoffee.com/pages/our-story (3244 chars)
11:28:09 page reviews: https://coppercowcoffee.com/pages/reviews (781 chars)
11:28:14 product classic-black-vietnamese-ground-coffee-10oz: 3 review quotes
11:28:19 product bundle-mystery-latte-1: 0 review quotes
11:28:24 product the-perfect-pour-gift-set-includes-1-mug-1-5ct-best-seller-coffee-pour-over: 5 review quotes
11:28:25   image https://coppercowcoffee.com/cdn/shop/files/Latte_100x.svg?v=1698774202 skipped: cannot identify image file <_io.BytesIO object at 0x7f5f3df2
11:28:31   GET failed //coppercowcoffee.com/cdn/shop/files/womanOwned_{width}x.png?v=1718048171: Invalid URL '//coppercowcoffee.com/cdn/shop/files/womanOwned_{width}x.png?v=1718048171': No scheme supplied. Perhaps you meant https:////coppercowcoffee.com/cdn/shop/files/womanOwned_{width}x.png?v=1718048171?
11:28:31   GET failed //coppercowcoffee.com/cdn/shop/files/mobileWomen_{width}x.png?v=1718127263: Invalid URL '//coppercowcoffee.com/cdn/shop/files/mobileWomen_{width}x.png?v=1718127263': No scheme supplied. Perhaps you meant https:////coppercowcoffee.com/cdn/shop/files/mobileWomen_{width}x.png?v=1718127263?
11:28:34   image https://coppercowcoffee.com/cdn/shop/t/403/assets/ico-select.svg skipped: cannot identify image file <_io.BytesIO object at 0x7f5f3df2
11:28:37   GET failed //coppercowcoffee.com/cdn/shop/files/CCC-Web-Homepage-DebbieFounder_{width}x.jpg?v=1668821555: Invalid URL '//coppercowcoffee.com/cdn/shop/files/CCC-Web-Homepage-DebbieFounder_{width}x.jpg?v=1668821555': No scheme supplied. Perhaps you meant https:////coppercowcoffee.com/cdn/shop/files/CCC-Web-Homepage-DebbieFounder_{width}x.jpg?v=1668821555?
11:28:37   GET failed //coppercowcoffee.com/cdn/shop/files/CCC-Web-AboutUs-TraditionWithTwist_{width}x.jpg?v=1708563270: Invalid URL '//coppercowcoffee.com/cdn/shop/files/CCC-Web-AboutUs-TraditionWithTwist_{width}x.jpg?v=1708563270': No scheme supplied. Perhaps you meant https:////coppercowcoffee.com/cdn/shop/files/CCC-Web-AboutUs-TraditionWithTwist_{width}x.jpg?v=1708563270?
11:28:37   GET failed //coppercowcoffee.com/cdn/shop/files/download_10_{width}x.webp?v=1675958295: Invalid URL '//coppercowcoffee.com/cdn/shop/files/download_10_{width}x.webp?v=1675958295': No scheme supplied. Perhaps you meant https:////coppercowcoffee.com/cdn/shop/files/download_10_{width}x.webp?v=1675958295?
11:28:38   GET failed //coppercowcoffee.com/cdn/shop/files/download_11_{width}x.webp?v=1675958352: Invalid URL '//coppercowcoffee.com/cdn/shop/files/download_11_{width}x.webp?v=1675958352': No scheme supplied. Perhaps you meant https:////coppercowcoffee.com/cdn/shop/files/download_11_{width}x.webp?v=1675958352?
11:28:38   GET failed //coppercowcoffee.com/cdn/shop/files/download_12_{width}x.webp?v=1675961885: Invalid URL '//coppercowcoffee.com/cdn/shop/files/download_12_{width}x.webp?v=1675961885': No scheme supplied. Perhaps you meant https:////coppercowcoffee.com/cdn/shop/files/download_12_{width}x.webp?v=1675961885?
11:28:38   GET failed //coppercowcoffee.com/cdn/shop/files/download_13_{width}x.webp?v=1675961884: Invalid URL '//coppercowcoffee.com/cdn/shop/files/download_13_{width}x.webp?v=1675961884': No scheme supplied. Perhaps you meant https:////coppercowcoffee.com/cdn/shop/files/download_13_{width}x.webp?v=1675961884?
11:28:39   GET failed //coppercowcoffee.com/cdn/shop/files/download_14_{width}x.webp?v=1675961885: Invalid URL '//coppercowcoffee.com/cdn/shop/files/download_14_{width}x.webp?v=1675961885': No scheme supplied. Perhaps you meant https:////coppercowcoffee.com/cdn/shop/files/download_14_{width}x.webp?v=1675961885?
11:28:39   GET failed //coppercowcoffee.com/cdn/shop/files/download_15_{width}x.webp?v=1675961885: Invalid URL '//coppercowcoffee.com/cdn/shop/files/download_15_{width}x.webp?v=1675961885': No scheme supplied. Perhaps you meant https:////coppercowcoffee.com/cdn/shop/files/download_15_{width}x.webp?v=1675961885?
11:28:39   GET failed //coppercowcoffee.com/cdn/shop/files/AmazonContentJuly_Coffee_Artboard1copy11_1_{width}x.jpg?v=1764202556: Invalid URL '//coppercowcoffee.com/cdn/shop/files/AmazonContentJuly_Coffee_Artboard1copy11_1_{width}x.jpg?v=1764202556': No scheme supplied. Perhaps you meant https:////coppercowcoffee.com/cdn/shop/files/AmazonContentJuly_Coffee_Artboard1copy11_1_{width}x.jpg?v=1764202556?
11:28:40   GET failed //coppercowcoffee.com/cdn/shop/files/CCC-PDP-GC-Vanilla-NewViz-Front3-4_{width}x.png?v=1764202556: Invalid URL '//coppercowcoffee.com/cdn/shop/files/CCC-PDP-GC-Vanilla-NewViz-Front3-4_{width}x.png?v=1764202556': No scheme supplied. Perhaps you meant https:////coppercowcoffee.com/cdn/shop/files/CCC-PDP-GC-Vanilla-NewViz-Front3-4_{width}x.png?v=1764202556?
11:28:40   GET failed //coppercowcoffee.com/cdn/shop/files/Copper_Cow_Website_Graphics_ChurroHero_1_{width}x.jpg?v=1763164514: Invalid URL '//coppercowcoffee.com/cdn/shop/files/Copper_Cow_Website_Graphics_ChurroHero_1_{width}x.jpg?v=1763164514': No scheme supplied. Perhaps you meant https:////coppercowcoffee.com/cdn/shop/files/Copper_Cow_Website_Graphics_ChurroHero_1_{width}x.jpg?v=1763164514?
11:28:40   GET failed //coppercowcoffee.com/cdn/shop/files/Copper_Cow_Website_Graphics_New_Look_Churro_{width}x.jpg?v=1763164514: Invalid URL '//coppercowcoffee.com/cdn/shop/files/Copper_Cow_Website_Graphics_New_Look_Churro_{width}x.jpg?v=1763164514': No scheme supplied. Perhaps you meant https:////coppercowcoffee.com/cdn/shop/files/Copper_Cow_Website_Graphics_New_Look_Churro_{width}x.jpg?v=1763164514?
11:28:41   GET failed //coppercowcoffee.com/cdn/shop/files/Copper_Cow_Website_Graphics_Salted_Caramel_Hero_1_{width}x.jpg?v=1764887359: Invalid URL '//coppercowcoffee.com/cdn/shop/files/Copper_Cow_Website_Graphics_Salted_Caramel_Hero_1_{width}x.jpg?v=1764887359': No scheme supplied. Perhaps you meant https:////coppercowcoffee.com/cdn/shop/files/Copper_Cow_Website_Graphics_Salted_Caramel_Hero_1_{width}x.jpg?v=1764887359?
11:28:41   GET failed //coppercowcoffee.com/cdn/shop/files/Title_2_{width}x.png?v=1764887359: Invalid URL '//coppercowcoffee.com/cdn/shop/files/Title_2_{width}x.png?v=1764887359': No scheme supplied. Perhaps you meant https:////coppercowcoffee.com/cdn/shop/files/Title_2_{width}x.png?v=1764887359?
11:28:41   GET failed //coppercowcoffee.com/cdn/shop/files/48_pourovers-68_{width}x.jpg?v=1763594361: Invalid URL '//coppercowcoffee.com/cdn/shop/files/48_pourovers-68_{width}x.jpg?v=1763594361': No scheme supplied. Perhaps you meant https:////coppercowcoffee.com/cdn/shop/files/48_pourovers-68_{width}x.jpg?v=1763594361?
11:28:41   GET failed //coppercowcoffee.com/cdn/shop/files/AmazonContentJuly_Coffee_Artboard_1_copy_12_{width}x.jpg?v=1763594361: Invalid URL '//coppercowcoffee.com/cdn/shop/files/AmazonContentJuly_Coffee_Artboard_1_copy_12_{width}x.jpg?v=1763594361': No scheme supplied. Perhaps you meant https:////coppercowcoffee.com/cdn/shop/files/AmazonContentJuly_Coffee_Artboard_1_copy_12_{width}x.jpg?v=1763594361?
11:29:46 images: 100 downloaded, 3 contact sheet(s)